// Jest Snapshot v1, https://jestjs.io/docs/snapshot-testing

exports[`renders homepage unchanged 1`] = `
<div>
  <div
    class="relative flex flex-col"
  >
    <div
      class="relative min-h-[60vh] flex items-center justify-center w-full overflow-hidden"
    >
      <img
        alt="Windy cliffside"
        class="object-cover opacity-0 animate-fade-in object-[50%_50%]"
        data-nimg="fill"
        decoding="async"
        loading="eager"
        sizes="100vw"
        src="/_next/image?url=%2Fart-pieces%2Fseaside-meadow.webp&w=3840&q=75"
        srcset="/_next/image?url=%2Fart-pieces%2Fseaside-meadow.webp&w=640&q=75 640w, /_next/image?url=%2Fart-pieces%2Fseaside-meadow.webp&w=750&q=75 750w, /_next/image?url=%2Fart-pieces%2Fseaside-meadow.webp&w=828&q=75 828w, /_next/image?url=%2Fart-pieces%2Fseaside-meadow.webp&w=1080&q=75 1080w, /_next/image?url=%2Fart-pieces%2Fseaside-meadow.webp&w=1200&q=75 1200w, /_next/image?url=%2Fart-pieces%2Fseaside-meadow.webp&w=1920&q=75 1920w, /_next/image?url=%2Fart-pieces%2Fseaside-meadow.webp&w=2048&q=75 2048w, /_next/image?url=%2Fart-pieces%2Fseaside-meadow.webp&w=3840&q=75 3840w"
        style="position: absolute; height: 100%; width: 100%; left: 0px; top: 0px; right: 0px; bottom: 0px; color: transparent;"
      />
      <div
        class="absolute inset-0 bg-primary/75"
      />
      <div
        class="flex flex-col items-center gap-4 absolute"
      >
        <h1
          class=" opacity-0 animate-fade-up text-white text-center tracking-wide"
          style="animation-delay: 200ms;"
        >
          my friend's art
        </h1>
        <h6
          class=" opacity-0 animate-fade-up font-display text-center text-white tracking-wide"
          style="animation-delay: 400ms;"
        >
          made by someone's friend.
        </h6>
      </div>
    </div>
    <div
      class="mx-auto w-full max-w-6xl flex flex-col gap-12 px-4 py-12"
    >
      <h4
        class="font-display tracking-wide text-foreground"
      >
        all pieces
      </h4>
      <ul
        class="grid grid-cols-3 md:grid-cols-4 gap-4 md:gap-8"
      >
        <div
          class="animate-pulse rounded-md bg-muted w-full"
          data-slot="skeleton"
        />
        <div
          class="animate-pulse rounded-md bg-muted w-full"
          data-slot="skeleton"
        />
        <div
          class="animate-pulse rounded-md bg-muted w-full aspect-square"
          data-slot="skeleton"
        />
      </ul>
    </div>
  </div>
</div>
`;
